<!DOCTYPE html>
<html lang="en">
<head>
  <meta charset="utf-8">
<!-- qdoctests-outputfromqdocfiles.qdoc -->
  <title>Testing QDoc's link command | OutputFromQDocFiles</title>
</head>
<body>
<li id="buildversion">OutputFromQDocFiles - A test project for QDoc build artifacts</li>
  <link rel="prev" href="qdoctests-qdocfileoutput.html" />
  <link rel="next" href="toc.html" />
<p class="naviNextPrevious headerNavi">
<a class="prevPage" href="qdoctests-qdocfileoutput.html">QDoc Testing</a>
<a class="nextPage" href="toc.html">Table of Contents</a>
</p><p/>
<div class="sidebar">
<div class="toc">
<h3><a name="toc">Contents</a></h3>
<ul>
<li class="level1"><a href="#link-targets">Link targets</a></li>
</ul>
</div>
<div class="sidebar-content" id="sidebar-content"></div></div>
<h1 class="title">Testing QDoc's link command</h1>
<span class="subtitle"></span>
<!-- $$$qdoctests-qdocfileoutput-linking.html-description -->
<div class="descr"> <a name="details"></a>
<a name="link-test-target"></a><a name="link-targets"></a>
<h2 id="link-targets">Link targets</h2>
<p>Valid parameters for the link command (<code>\l</code>) are page and section titles, targets defined with \target or \keyword commands, and API reference keywords (types, methods, namespaces, and so on).</p>
</div>
<!-- @@@qdoctests-qdocfileoutput-linking.html -->
<p class="naviNextPrevious footerNavi">
<a class="prevPage" href="qdoctests-qdocfileoutput.html">QDoc Testing</a>
<a class="nextPage" href="toc.html">Table of Contents</a>
</p>
</body>
</html>
