<!DOCTYPE html>
<html lang="en">
<head>
  <meta charset="utf-8">
<!-- parent.qdoc -->
  <title>Parent QML Type | QmlPropertyGroups</title>
</head>
<body>
<div class="sidebar">
<div class="toc">
<h3><a name="toc">Contents</a></h3>
<ul>
<li class="level1"><a href="#properties">Properties</a></li>
<li class="level1"><a href="#details">Detailed Description</a></li>
</ul>
</div>
<div class="sidebar-content" id="sidebar-content"></div></div>
<h1 class="title">Parent QML Type</h1>
<span class="subtitle"></span>
<!-- $$$Parent-brief -->
<p>Base QML type. <a href="#details">More...</a></p>
<!-- @@@Parent -->
<div class="table"><table class="alignedsummary">
<tr><td class="memItemLeft rightAlign topAlign"> Import Statement:</td><td class="memItemRight bottomAlign"> import QDoc.Test 1.1</td></tr><tr><td class="memItemLeft rightAlign topAlign"> Inherited By:</td><td class="memItemRight bottomAlign"> <p><a href="qml-qdoc-test-anotherchild.html">AnotherChild</a></p>
</td></tr></table></div><ul>
<li><a href="qml-qdoc-test-parent-members.html">List of all members, including inherited members</a></li>
</ul>
<a name="properties"></a>
<h2 id="properties">Properties</h2>
<ul>
<li class="fn"><b><b><a href="qml-qdoc-test-parent.html#group-prop">group</a></b></b><ul>
<li class="fn"><b><b><a href="qml-qdoc-test-parent.html#group.a-prop">group.a</a></b></b> : int</li>
<li class="fn"><b><b><a href="qml-qdoc-test-parent.html#group.b-prop">group.b</a></b></b> : int</li>
<li class="fn"><b><b><a href="qml-qdoc-test-parent.html#group.c-prop">group.c</a></b></b> : int</li>
</ul>
</li>
</ul>
<!-- $$$Parent-description -->
<a name="details"></a>
<h2 id="details">Detailed Description</h2>
<!-- @@@Parent -->
<h2>Property Documentation</h2>
<!-- $$$group -->
<div class="qmlitem"><div class="qmlproto">
<div class="table"><table class="qmlname">
<tr valign="top" class="even" id="group-prop"><th class="centerAlign"><p><a name="group-prop"></a><b>group group</b></p></th></tr>
<tr valign="top" class="odd" id="group.a-prop">
<td class="tblQmlPropNode"><p>
<a name="group.a-prop"></a><span class="name">group.a</span> : <span class="type"><a href="qml-int.html">int</a></span></p></td></tr>
<tr valign="top" class="odd" id="group.b-prop">
<td class="tblQmlPropNode"><p>
<a name="group.b-prop"></a><span class="qmlextra">[read-only] </span><span class="name">group.b</span> : <span class="type"><a href="qml-int.html">int</a></span></p></td></tr>
<tr valign="top" class="odd" id="group.c-prop">
<td class="tblQmlPropNode"><p>
<a name="group.c-prop"></a><span class="qmlextra">[since 2.0] </span><span class="name">group.c</span> : <span class="type"><a href="qml-int.html">int</a></span></p></td></tr>
</table></div></div>
<div class="qmldoc"><p>Property group.</p>
</div></div><!-- @@@group -->
<br/>
</body>
</html>
